


ARM Macro Assembler    Page 1 


    1 00000000                 AREA             OS_func, CODE, READONLY
    2 00000000         
    3 00000000         ; Export function locations
    4 00000000                 EXPORT           SVC_Handler
    5 00000000                 EXPORT           PendSV_Handler
    6 00000000                 EXPORT           _task_switch
    7 00000000                 EXPORT           _task_init_switch
    8 00000000         
    9 00000000         ; Import global variables
   10 00000000                 IMPORT           _currentTCB
   11 00000000                 IMPORT           _OS_schedule
   12 00000000         
   13 00000000         ; Import SVC routines
   14 00000000                 IMPORT           _OS_enable_systick_delegate
   15 00000000                 IMPORT           _OS_taskExit_delegate
   16 00000000                 IMPORT           _OS_yield_delegate
   17 00000000                 IMPORT           _OS_schedule_delegate
   18 00000000                 IMPORT           _OS_wait_delegate
   19 00000000                 IMPORT           _OS_notify_delegate
   20 00000000                 IMPORT           _OS_modifyPriority_delegate
   21 00000000         
   22 00000000         SVC_Handler
   23 00000000         ; r7 contains requested handler, on entry
   24 00000000 F01E 0F04       TST              lr, #4
   25 00000004 BF0C            ITE              EQ
   26 00000006 F3EF 8008       MRSEQ            r0, MSP
   27 0000000A F3EF 8009       MRSNE            r0, PSP
   28 0000000E         ; r0 now contains the SP that was in use
   29 0000000E         ; Check if requested handler in the table
   30 0000000E 2F07            CMP              r7, #((SVC_tableEnd - SVC_table
Start)/4)
   31 00000010         ; If not, return
   32 00000010 BFA8 4770       BXGE             lr
   33 00000014         ; Branch to the right handler
   34 00000014         ; Remember, the SP is in r0
   35 00000014 4A1D            LDR              r2, =SVC_tableStart
   36 00000016 F852 F027       LDR              pc, [r2, r7, lsl #2]
   37 0000001A         
   38 0000001A 00 00           ALIGN
   39 0000001C         SVC_tableStart
   40 0000001C 00000000        DCD              _OS_enable_systick_delegate
   41 00000020 00000000        DCD              _OS_taskExit_delegate
   42 00000024 00000000        DCD              _OS_yield_delegate
   43 00000028 00000000        DCD              _OS_schedule_delegate
   44 0000002C 00000000        DCD              _OS_wait_delegate
   45 00000030 00000000        DCD              _OS_notify_delegate
   46 00000034 00000000        DCD              _OS_modifyPriority_delegate
   47 00000038         SVC_tableEnd
   48 00000038         
   49 00000038                 ALIGN
   50 00000038         PendSV_Handler
   51 00000038 B510            STMFD            sp!, {r4, lr} ; r4 included for
                                                             stack alignment
   52 0000003A F7FF FFFE       BL               _OS_schedule
   53 0000003E E8BD 4010       LDMFD            sp!, {r4, lr}
   54 00000042         _task_switch
   55 00000042         ; r0 contains nextTCB (OS_TCB *)
   56 00000042         ; Load r2 = &_currentTCB (OS_TCB **), r1 = _currentTCB (
                       OS_TCB *, == OS_StackFrame **)



ARM Macro Assembler    Page 2 


   57 00000042 4A13            LDR              r2, =_currentTCB
   58 00000044 6811            LDR              r1, [r2]
   59 00000046         ; Compare _currentTCB to nextTCB: if equal, go home
   60 00000046 4281            CMP              r1, r0
   61 00000048 BF08 4770       BXEQ             lr
   62 0000004C         ; If not, stack remaining process registers (pc, PSR, lr
                       , r0-r3, r12 already stacked)
   63 0000004C F3EF 8309       MRS              r3, PSP
   64 00000050 E923 0FF0       STMFD            r3!, {r4-r11}
   65 00000054         ; Store stack pointer
   66 00000054 600B            STR              r3, [r1]
   67 00000056         ; Load new stack pointer
   68 00000056 6803            LDR              r3, [r0]
   69 00000058         ; Unstack process registers
   70 00000058 E8B3 0FF0       LDMFD            r3!, {r4-r11}
   71 0000005C F383 8809       MSR              PSP, r3
   72 00000060         ; Update _currentTCB
   73 00000060 6010            STR              r0, [r2]
   74 00000062         ; Clear exclusive access flag
   75 00000062 F3BF 8F2F       CLREX
   76 00000066 4770            BX               lr
   77 00000068         
   78 00000068                 ALIGN
   79 00000068         _task_init_switch
   80 00000068         ; Assume thread mode on entry
   81 00000068         ; Initial task is the idle task
   82 00000068         ; On entry r0 = OS_idleTCB_p (OS_TCB *)
   83 00000068         ; Load r1 = *(r0) (OS_StackFrame *)
   84 00000068 6801            LDR              r1, [r0]
   85 0000006A         ; Update PSP
   86 0000006A F381 8809       MSR              PSP, r1
   87 0000006E         ; Update _currentTCB
   88 0000006E 4A08            LDR              r2, =_currentTCB
   89 00000070 6010            STR              r0, [r2]
   90 00000072         ; Switch to using PSP instead of MSP for thread mode (bi
                       t 1 = 1)
   91 00000072         ; Also lose privileges in thread mode (bit 0 = 1) and di
                       sable FPU (bit 2 = 0)
   92 00000072 F04F 0203       MOV              r2, #3
   93 00000076 F382 8814       MSR              CONTROL, r2
   94 0000007A         ; Instruction barrier (stack pointer switch)
   95 0000007A F3BF 8F6F       ISB
   96 0000007E         ; Check to see if the scheduler is preemptive before
   97 0000007E         ; This SVC call should be handled by _svc_OS_enable_syst
                       ick()
   98 0000007E F04F 0700       MOV              r7, #0
   99 00000082 DF00            SVC              0x00
  100 00000084         ; Continue to the idle task
  101 00000084         
  102 00000084                 ALIGN
  103 00000084         ; This SVC call should be handled by _svc_OS_schedule()
  104 00000084         ; It causes a switch to a runnable task, if possible
  105 00000084 F04F 0703       MOV              r7, #3
  106 00000088 DF00            SVC              0x00
  107 0000008A         _idle_task
  108 0000008A         ; The following line is commented out because it doesn't
                        play nicely with the debugger.
  109 0000008A         ; For deployment, uncomment this line and the CPU will s
                       leep when idling, waking only to



ARM Macro Assembler    Page 3 


  110 0000008A         ; handle interrupts.
  111 0000008A         ;   WFI
  112 0000008A E7FE            B                _idle_task
  113 0000008C         
  114 0000008C                 ALIGN
  115 0000008C                 END
              00000000 
              00000000 
Command Line: --debug --xref --diag_suppress=9931 --cpu=Cortex-M4 --fpu=SoftVFP
 --depend=.\objects\os_asm.d -o.\objects\os_asm.o -I.\RTE\_STM32F407_Flash -IC:
\KEIL_V5\ARM\PACK\ARM\CMSIS\5.8.0\CMSIS\Core\Include -IC:\KEIL_V5\ARM\PACK\Keil
\STM32F4xx_DFP\2.15.0\Drivers\CMSIS\Device\ST\STM32F4xx\Include --predefine="__
UVISION_VERSION SETA 535" --predefine="_RTE_ SETA 1" --predefine="STM32F407xx S
ETA 1" --predefine="_RTE_ SETA 1" --list=.\listings\os_asm.lst src\OS\os_asm.s



ARM Macro Assembler    Page 1 Alphabetic symbol ordering
Relocatable symbols

OS_func 00000000

Symbol: OS_func
   Definitions
      At line 1 in file src\OS\os_asm.s
   Uses
      None
Comment: OS_func unused
PendSV_Handler 00000038

Symbol: PendSV_Handler
   Definitions
      At line 50 in file src\OS\os_asm.s
   Uses
      At line 5 in file src\OS\os_asm.s
Comment: PendSV_Handler used once
SVC_Handler 00000000

Symbol: SVC_Handler
   Definitions
      At line 22 in file src\OS\os_asm.s
   Uses
      At line 4 in file src\OS\os_asm.s
Comment: SVC_Handler used once
SVC_tableEnd 00000038

Symbol: SVC_tableEnd
   Definitions
      At line 47 in file src\OS\os_asm.s
   Uses
      At line 30 in file src\OS\os_asm.s
Comment: SVC_tableEnd used once
SVC_tableStart 0000001C

Symbol: SVC_tableStart
   Definitions
      At line 39 in file src\OS\os_asm.s
   Uses
      At line 30 in file src\OS\os_asm.s
      At line 35 in file src\OS\os_asm.s

_idle_task 0000008A

Symbol: _idle_task
   Definitions
      At line 107 in file src\OS\os_asm.s
   Uses
      At line 112 in file src\OS\os_asm.s
Comment: _idle_task used once
_task_init_switch 00000068

Symbol: _task_init_switch
   Definitions
      At line 79 in file src\OS\os_asm.s
   Uses
      At line 7 in file src\OS\os_asm.s
Comment: _task_init_switch used once
_task_switch 00000042




ARM Macro Assembler    Page 2 Alphabetic symbol ordering
Relocatable symbols

Symbol: _task_switch
   Definitions
      At line 54 in file src\OS\os_asm.s
   Uses
      At line 6 in file src\OS\os_asm.s
Comment: _task_switch used once
8 symbols



ARM Macro Assembler    Page 1 Alphabetic symbol ordering
External symbols

_OS_enable_systick_delegate 00000000

Symbol: _OS_enable_systick_delegate
   Definitions
      At line 14 in file src\OS\os_asm.s
   Uses
      At line 40 in file src\OS\os_asm.s
Comment: _OS_enable_systick_delegate used once
_OS_modifyPriority_delegate 00000000

Symbol: _OS_modifyPriority_delegate
   Definitions
      At line 20 in file src\OS\os_asm.s
   Uses
      At line 46 in file src\OS\os_asm.s
Comment: _OS_modifyPriority_delegate used once
_OS_notify_delegate 00000000

Symbol: _OS_notify_delegate
   Definitions
      At line 19 in file src\OS\os_asm.s
   Uses
      At line 45 in file src\OS\os_asm.s
Comment: _OS_notify_delegate used once
_OS_schedule 00000000

Symbol: _OS_schedule
   Definitions
      At line 11 in file src\OS\os_asm.s
   Uses
      At line 52 in file src\OS\os_asm.s
Comment: _OS_schedule used once
_OS_schedule_delegate 00000000

Symbol: _OS_schedule_delegate
   Definitions
      At line 17 in file src\OS\os_asm.s
   Uses
      At line 43 in file src\OS\os_asm.s
Comment: _OS_schedule_delegate used once
_OS_taskExit_delegate 00000000

Symbol: _OS_taskExit_delegate
   Definitions
      At line 15 in file src\OS\os_asm.s
   Uses
      At line 41 in file src\OS\os_asm.s
Comment: _OS_taskExit_delegate used once
_OS_wait_delegate 00000000

Symbol: _OS_wait_delegate
   Definitions
      At line 18 in file src\OS\os_asm.s
   Uses
      At line 44 in file src\OS\os_asm.s
Comment: _OS_wait_delegate used once
_OS_yield_delegate 00000000

Symbol: _OS_yield_delegate



ARM Macro Assembler    Page 2 Alphabetic symbol ordering
External symbols

   Definitions
      At line 16 in file src\OS\os_asm.s
   Uses
      At line 42 in file src\OS\os_asm.s
Comment: _OS_yield_delegate used once
_currentTCB 00000000

Symbol: _currentTCB
   Definitions
      At line 10 in file src\OS\os_asm.s
   Uses
      At line 57 in file src\OS\os_asm.s
      At line 88 in file src\OS\os_asm.s

9 symbols
352 symbols in table
